<html>
<body>
<pre>
<h1>µVision Build Log</h1>
<h2>Tool Versions:</h2>
IDE-Version: ¦ÌVision V5.14.0.0
Copyright (C) 2015 ARM Ltd and ARM Germany GmbH. All rights reserved.
License Information: Jsiparrow Microsoft, Microsoft, LIC=P6F63-AZHDT-F10PT-RU87T-IIFFH-AV58D
 
Tool Versions:
Toolchain:       MDK-ARM Professional  Version: 5.14.0.0
Toolchain Path:  D:\MDK5.14\ARM\ARMCC\Bin
C Compiler:      Armcc.exe V5.05 update 1 (build 106)
Assembler:       Armasm.exe V5.05 update 1 (build 106)
Linker/Locator:  ArmLink.exe V5.05 update 1 (build 106)
Library Manager: ArmAr.exe V5.05 update 1 (build 106)
Hex Converter:   FromElf.exe V5.05 update 1 (build 106)
CPU DLL:         SARMCM3.DLL V5.14.0.0
Dialog DLL:      DCM.DLL V1.13.1.0
Target DLL:      STLink\ST-LINKIII-KEIL_SWO.dll V2.0.14.0_KEIL
Dialog DLL:      TCM.DLL V1.14.4.0
 
<h2>Project:</h2>
F:\Repository\SequenceTimer\SequenceTimer\CenterMarthine\Sequence timer-f3-gd 1.1.2\sequence timer.uvprojx
Project File Date:  11/29/2017

<h2>Output:</h2>
Build target 'Target 1'
compiling main.c...
USER\main.c(40): warning:  #1-D: last line of file ends without a newline
  }
USER\main.c: 1 warning, 0 errors
linking...
Program Size: Code=5104 RO-data=51408 RW-data=40 ZI-data=1928  
FromELF: creating hex file...
".\OBJ\sequence timer.axf" - 0 Error(s), 1 Warning(s).

<h2>Collection of Component include folders:</h2>
  F:\Repository\SequenceTimer\SequenceTimer\CenterMarthine\Sequence timer-f3-gd 1.1.2\RTE
  D:\MDK5.14\ARM\PACK\Keil\STM32F1xx_DFP\1.0.5\Device\Include

<h2>Collection of Component Files used:</h2>
</pre>
</body>
</html>
